// Jest Snapshot v1, https://goo.gl/fbAQLP

exports[`Home renders 1`] = `
<div>
  <main
    class="home-page"
  >
    <h1>
      Notebook Cookbook
    </h1>
    <div
      class="links"
    >
      <a
        href="/shopping-list"
      >
        <span
          class="emoji"
        >
          üõí
        </span>
        <span
          class="text"
        >
          Shopping List
        </span>
      </a>
      <a
        href="/cookbook"
      >
        <span
          class="emoji"
        >
          üç≥
        </span>
        <span
          class="text"
        >
          Cookbook
        </span>
      </a>
    </div>
  </main>
</div>
`;
