// Jest Snapshot v1, https://goo.gl/fbAQLP

exports[`SkillsCoaches renders 1`] = `
<div>
  <main
    class="skills-coaches-page"
  >
    <h1>
      Skills Coaches
    </h1>
  </main>
</div>
`;
